<?xml version="1.0" encoding="UTF-8"?>
<testsuites name="jest tests" tests="5" failures="0" time="2.86">
  <testsuite name="SidebarContainer Module" errors="0" failures="0" skipped="0" timestamp="2020-06-29T16:11:20" time="1.362" tests="2">
    <testcase classname="SidebarContainer Module SidebarContainer renders correctly" name="SidebarContainer Module SidebarContainer renders correctly" time="0.033">
    </testcase>
    <testcase classname="SidebarContainer Module SidebarContainer renders correctly when collapsed" name="SidebarContainer Module SidebarContainer renders correctly when collapsed" time="0.01">
    </testcase>
  </testsuite>
  <testsuite name="ErrorModal Module" errors="0" failures="0" skipped="0" timestamp="2020-06-29T16:11:20" time="1.576" tests="1">
    <testcase classname="ErrorModal Module ErrorModal renders correctly" name="ErrorModal Module ErrorModal renders correctly" time="0.08">
    </testcase>
  </testsuite>
  <testsuite name="LoadingOverlay Module" errors="0" failures="0" skipped="0" timestamp="2020-06-29T16:11:20" time="1.502" tests="1">
    <testcase classname="LoadingOverlay Module LoadingOverlay renders correctly" name="LoadingOverlay Module LoadingOverlay renders correctly" time="0.046">
    </testcase>
  </testsuite>
  <testsuite name="Navbar Module" errors="0" failures="0" skipped="0" timestamp="2020-06-29T16:11:20" time="1.802" tests="1">
    <testcase classname="Navbar Module Navbar renders correctly" name="Navbar Module Navbar renders correctly" time="0.036">
    </testcase>
  </testsuite>
</testsuites>